Archive member included because of file (symbol)

d:/program files/programs/program files/sdk_win_64/winavr/bin/../lib/gcc/avr/4.3.3/avr5\libgcc.a(_udivmodqi4.o)
                              ./HAL/SevenSeg/SevenSeg_Program.o (__udivmodqi4)
d:/program files/programs/program files/sdk_win_64/winavr/bin/../lib/gcc/avr/4.3.3/avr5\libgcc.a(_exit.o)
                              d:/program files/programs/program files/sdk_win_64/winavr/bin/../lib/gcc/avr/4.3.3/../../../../avr/lib/avr5/crtm32.o (exit)
d:/program files/programs/program files/sdk_win_64/winavr/bin/../lib/gcc/avr/4.3.3/avr5\libgcc.a(_copy_data.o)
                              ./APP/Heater_Control/Heater_Control.o (__do_copy_data)
d:/program files/programs/program files/sdk_win_64/winavr/bin/../lib/gcc/avr/4.3.3/avr5\libgcc.a(_clear_bss.o)
                              ./MCAL/TIMER/Timer_Program.o (__do_clear_bss)
d:/program files/programs/program files/sdk_win_64/winavr/bin/../lib/gcc/avr/4.3.3/avr5\libgcc.a(_fixunssfsi.o)
                              ./HAL/SevenSeg/SevenSeg_Program.o (__fixunssfsi)
d:/program files/programs/program files/sdk_win_64/winavr/bin/../lib/gcc/avr/4.3.3/avr5\libgcc.a(_addsub_sf.o)
                              d:/program files/programs/program files/sdk_win_64/winavr/bin/../lib/gcc/avr/4.3.3/avr5\libgcc.a(_fixunssfsi.o) (__subsf3)
d:/program files/programs/program files/sdk_win_64/winavr/bin/../lib/gcc/avr/4.3.3/avr5\libgcc.a(_mul_sf.o)
                              ./HAL/SevenSeg/SevenSeg_Program.o (__mulsf3)
d:/program files/programs/program files/sdk_win_64/winavr/bin/../lib/gcc/avr/4.3.3/avr5\libgcc.a(_gt_sf.o)
                              ./HAL/SevenSeg/SevenSeg_Program.o (__gtsf2)
d:/program files/programs/program files/sdk_win_64/winavr/bin/../lib/gcc/avr/4.3.3/avr5\libgcc.a(_ge_sf.o)
                              d:/program files/programs/program files/sdk_win_64/winavr/bin/../lib/gcc/avr/4.3.3/avr5\libgcc.a(_fixunssfsi.o) (__gesf2)
d:/program files/programs/program files/sdk_win_64/winavr/bin/../lib/gcc/avr/4.3.3/avr5\libgcc.a(_lt_sf.o)
                              ./HAL/SevenSeg/SevenSeg_Program.o (__ltsf2)
d:/program files/programs/program files/sdk_win_64/winavr/bin/../lib/gcc/avr/4.3.3/avr5\libgcc.a(_sf_to_si.o)
                              d:/program files/programs/program files/sdk_win_64/winavr/bin/../lib/gcc/avr/4.3.3/avr5\libgcc.a(_fixunssfsi.o) (__fixsfsi)
d:/program files/programs/program files/sdk_win_64/winavr/bin/../lib/gcc/avr/4.3.3/avr5\libgcc.a(_thenan_sf.o)
                              d:/program files/programs/program files/sdk_win_64/winavr/bin/../lib/gcc/avr/4.3.3/avr5\libgcc.a(_addsub_sf.o) (__thenan_sf)
d:/program files/programs/program files/sdk_win_64/winavr/bin/../lib/gcc/avr/4.3.3/avr5\libgcc.a(_prologue.o)
                              d:/program files/programs/program files/sdk_win_64/winavr/bin/../lib/gcc/avr/4.3.3/avr5\libgcc.a(_addsub_sf.o) (__prologue_saves__)
d:/program files/programs/program files/sdk_win_64/winavr/bin/../lib/gcc/avr/4.3.3/avr5\libgcc.a(_epilogue.o)
                              d:/program files/programs/program files/sdk_win_64/winavr/bin/../lib/gcc/avr/4.3.3/avr5\libgcc.a(_addsub_sf.o) (__epilogue_restores__)
d:/program files/programs/program files/sdk_win_64/winavr/bin/../lib/gcc/avr/4.3.3/avr5\libgcc.a(_pack_sf.o)
                              d:/program files/programs/program files/sdk_win_64/winavr/bin/../lib/gcc/avr/4.3.3/avr5\libgcc.a(_addsub_sf.o) (__pack_f)
d:/program files/programs/program files/sdk_win_64/winavr/bin/../lib/gcc/avr/4.3.3/avr5\libgcc.a(_unpack_sf.o)
                              d:/program files/programs/program files/sdk_win_64/winavr/bin/../lib/gcc/avr/4.3.3/avr5\libgcc.a(_addsub_sf.o) (__unpack_f)
d:/program files/programs/program files/sdk_win_64/winavr/bin/../lib/gcc/avr/4.3.3/avr5\libgcc.a(_fpcmp_parts_sf.o)
                              d:/program files/programs/program files/sdk_win_64/winavr/bin/../lib/gcc/avr/4.3.3/avr5\libgcc.a(_gt_sf.o) (__fpcmp_parts_f)

Memory Configuration

Name             Origin             Length             Attributes
text             0x00000000         0x00020000         xr
data             0x00800060         0x0000ffa0         rw !x
eeprom           0x00810000         0x00010000         rw !x
fuse             0x00820000         0x00000400         rw !x
lock             0x00830000         0x00000400         rw !x
signature        0x00840000         0x00000400         rw !x
*default*        0x00000000         0xffffffff

Linker script and memory map

LOAD d:/program files/programs/program files/sdk_win_64/winavr/bin/../lib/gcc/avr/4.3.3/../../../../avr/lib/avr5/crtm32.o
LOAD ./MCAL/TIMER/Timer_Program.o
LOAD ./MCAL/I2C/I2C.o
LOAD ./MCAL/GIE/GIE_program.o
LOAD ./MCAL/EXT_INT/Ext_Int_Program.o
LOAD ./MCAL/EEPROM/EEPROM.o
LOAD ./MCAL/DIO/DIO_Program.o
LOAD ./MCAL/ADC/ADC_Program.o
LOAD ./HAL/SevenSeg/SevenSeg_Program.o
LOAD ./HAL/Relay/Relay_Program.o
LOAD ./HAL/Peltier/Peltier_Program.o
LOAD ./HAL/Led/Led_Program.o
LOAD ./HAL/Lcd/Lcd_Program.o
LOAD ./HAL/LM35/LM35_Program.o
LOAD ./HAL/Ceramic Heater/CeramicHeater_Program.o
LOAD ./HAL/Button/Button_Program.o
LOAD ./APP/Heater_Control/Heater_Control.o
LOAD ./main.o
LOAD d:/program files/programs/program files/sdk_win_64/winavr/bin/../lib/gcc/avr/4.3.3/avr5\libgcc.a
LOAD d:/program files/programs/program files/sdk_win_64/winavr/bin/../lib/gcc/avr/4.3.3/../../../../avr/lib/avr5\libc.a
LOAD d:/program files/programs/program files/sdk_win_64/winavr/bin/../lib/gcc/avr/4.3.3/avr5\libgcc.a

.hash
 *(.hash)

.dynsym
 *(.dynsym)

.dynstr
 *(.dynstr)

.gnu.version
 *(.gnu.version)

.gnu.version_d
 *(.gnu.version_d)

.gnu.version_r
 *(.gnu.version_r)

.rel.init
 *(.rel.init)

.rela.init
 *(.rela.init)

.rel.text
 *(.rel.text)
 *(.rel.text.*)
 *(.rel.gnu.linkonce.t*)

.rela.text
 *(.rela.text)
 *(.rela.text.*)
 *(.rela.gnu.linkonce.t*)

.rel.fini
 *(.rel.fini)

.rela.fini
 *(.rela.fini)

.rel.rodata
 *(.rel.rodata)
 *(.rel.rodata.*)
 *(.rel.gnu.linkonce.r*)

.rela.rodata
 *(.rela.rodata)
 *(.rela.rodata.*)
 *(.rela.gnu.linkonce.r*)

.rel.data
 *(.rel.data)
 *(.rel.data.*)
 *(.rel.gnu.linkonce.d*)

.rela.data
 *(.rela.data)
 *(.rela.data.*)
 *(.rela.gnu.linkonce.d*)

.rel.ctors
 *(.rel.ctors)

.rela.ctors
 *(.rela.ctors)

.rel.dtors
 *(.rel.dtors)

.rela.dtors
 *(.rela.dtors)

.rel.got
 *(.rel.got)

.rela.got
 *(.rela.got)

.rel.bss
 *(.rel.bss)

.rela.bss
 *(.rela.bss)

.rel.plt
 *(.rel.plt)

.rela.plt
 *(.rela.plt)

.text           0x00000000     0x3588
 *(.vectors)
 .vectors       0x00000000       0x54 d:/program files/programs/program files/sdk_win_64/winavr/bin/../lib/gcc/avr/4.3.3/../../../../avr/lib/avr5/crtm32.o
                0x00000000                __vectors
                0x00000000                __vector_default
 *(.vectors)
 *(.progmem.gcc*)
 *(.progmem*)
                0x00000054                . = ALIGN (0x2)
                0x00000054                __trampolines_start = .
 *(.trampolines)
 .trampolines   0x00000054        0x0 linker stubs
 *(.trampolines*)
                0x00000054                __trampolines_end = .
 *(.jumptables)
 *(.jumptables*)
 *(.lowtext)
 *(.lowtext*)
                0x00000054                __ctors_start = .
 *(.ctors)
                0x00000054                __ctors_end = .
                0x00000054                __dtors_start = .
 *(.dtors)
                0x00000054                __dtors_end = .
 SORT(*)(.ctors)
 SORT(*)(.dtors)
 *(.init0)
 .init0         0x00000054        0x0 d:/program files/programs/program files/sdk_win_64/winavr/bin/../lib/gcc/avr/4.3.3/../../../../avr/lib/avr5/crtm32.o
                0x00000054                __init
 *(.init0)
 *(.init1)
 *(.init1)
 *(.init2)
 .init2         0x00000054        0xc d:/program files/programs/program files/sdk_win_64/winavr/bin/../lib/gcc/avr/4.3.3/../../../../avr/lib/avr5/crtm32.o
 *(.init2)
 *(.init3)
 *(.init3)
 *(.init4)
 .init4         0x00000060       0x16 d:/program files/programs/program files/sdk_win_64/winavr/bin/../lib/gcc/avr/4.3.3/avr5\libgcc.a(_copy_data.o)
                0x00000060                __do_copy_data
 .init4         0x00000076       0x10 d:/program files/programs/program files/sdk_win_64/winavr/bin/../lib/gcc/avr/4.3.3/avr5\libgcc.a(_clear_bss.o)
                0x00000076                __do_clear_bss
 *(.init4)
 *(.init5)
 *(.init5)
 *(.init6)
 *(.init6)
 *(.init7)
 *(.init7)
 *(.init8)
 *(.init8)
 *(.init9)
 .init9         0x00000086        0x8 d:/program files/programs/program files/sdk_win_64/winavr/bin/../lib/gcc/avr/4.3.3/../../../../avr/lib/avr5/crtm32.o
 *(.init9)
 *(.text)
 .text          0x0000008e        0x4 d:/program files/programs/program files/sdk_win_64/winavr/bin/../lib/gcc/avr/4.3.3/../../../../avr/lib/avr5/crtm32.o
                0x0000008e                __vector_12
                0x0000008e                __bad_interrupt
                0x0000008e                __vector_6
                0x0000008e                __vector_13
                0x0000008e                __vector_17
                0x0000008e                __vector_19
                0x0000008e                __vector_7
                0x0000008e                __vector_5
                0x0000008e                __vector_4
                0x0000008e                __vector_9
                0x0000008e                __vector_15
                0x0000008e                __vector_8
                0x0000008e                __vector_14
                0x0000008e                __vector_10
                0x0000008e                __vector_16
                0x0000008e                __vector_18
                0x0000008e                __vector_20
 .text          0x00000092        0x0 ./MCAL/TIMER/Timer_Program.o
 .text          0x00000092        0x0 ./MCAL/I2C/I2C.o
 .text          0x00000092        0x0 ./MCAL/GIE/GIE_program.o
 .text          0x00000092        0x0 ./MCAL/EXT_INT/Ext_Int_Program.o
 .text          0x00000092        0x0 ./MCAL/EEPROM/EEPROM.o
 .text          0x00000092        0x0 ./MCAL/DIO/DIO_Program.o
 .text          0x00000092        0x0 ./MCAL/ADC/ADC_Program.o
 .text          0x00000092        0x0 ./HAL/SevenSeg/SevenSeg_Program.o
 .text          0x00000092        0x0 ./HAL/Relay/Relay_Program.o
 .text          0x00000092        0x0 ./HAL/Peltier/Peltier_Program.o
 .text          0x00000092        0x0 ./HAL/Led/Led_Program.o
 .text          0x00000092        0x0 ./HAL/Lcd/Lcd_Program.o
 .text          0x00000092        0x0 ./HAL/LM35/LM35_Program.o
 .text          0x00000092        0x0 ./HAL/Ceramic Heater/CeramicHeater_Program.o
 .text          0x00000092        0x0 ./HAL/Button/Button_Program.o
 .text          0x00000092        0x0 ./APP/Heater_Control/Heater_Control.o
 .text          0x00000092        0x0 ./main.o
 .text          0x00000092        0x0 d:/program files/programs/program files/sdk_win_64/winavr/bin/../lib/gcc/avr/4.3.3/avr5\libgcc.a(_udivmodqi4.o)
 .text          0x00000092        0x0 d:/program files/programs/program files/sdk_win_64/winavr/bin/../lib/gcc/avr/4.3.3/avr5\libgcc.a(_exit.o)
 .text          0x00000092        0x0 d:/program files/programs/program files/sdk_win_64/winavr/bin/../lib/gcc/avr/4.3.3/avr5\libgcc.a(_copy_data.o)
 .text          0x00000092        0x0 d:/program files/programs/program files/sdk_win_64/winavr/bin/../lib/gcc/avr/4.3.3/avr5\libgcc.a(_clear_bss.o)
 .text          0x00000092       0x58 d:/program files/programs/program files/sdk_win_64/winavr/bin/../lib/gcc/avr/4.3.3/avr5\libgcc.a(_fixunssfsi.o)
                0x00000092                __fixunssfsi
 .text          0x000000ea      0x354 d:/program files/programs/program files/sdk_win_64/winavr/bin/../lib/gcc/avr/4.3.3/avr5\libgcc.a(_addsub_sf.o)
                0x00000382                __subsf3
                0x000003e4                __addsf3
 .text          0x0000043e      0x1f4 d:/program files/programs/program files/sdk_win_64/winavr/bin/../lib/gcc/avr/4.3.3/avr5\libgcc.a(_mul_sf.o)
                0x0000043e                __mulsf3
 .text          0x00000632       0x60 d:/program files/programs/program files/sdk_win_64/winavr/bin/../lib/gcc/avr/4.3.3/avr5\libgcc.a(_gt_sf.o)
                0x00000632                __gtsf2
 .text          0x00000692       0x60 d:/program files/programs/program files/sdk_win_64/winavr/bin/../lib/gcc/avr/4.3.3/avr5\libgcc.a(_ge_sf.o)
                0x00000692                __gesf2
 .text          0x000006f2       0x60 d:/program files/programs/program files/sdk_win_64/winavr/bin/../lib/gcc/avr/4.3.3/avr5\libgcc.a(_lt_sf.o)
                0x000006f2                __ltsf2
 .text          0x00000752       0xa8 d:/program files/programs/program files/sdk_win_64/winavr/bin/../lib/gcc/avr/4.3.3/avr5\libgcc.a(_sf_to_si.o)
                0x00000752                __fixsfsi
 .text          0x000007fa        0x0 d:/program files/programs/program files/sdk_win_64/winavr/bin/../lib/gcc/avr/4.3.3/avr5\libgcc.a(_thenan_sf.o)
 .text          0x000007fa        0x0 d:/program files/programs/program files/sdk_win_64/winavr/bin/../lib/gcc/avr/4.3.3/avr5\libgcc.a(_prologue.o)
 .text          0x000007fa        0x0 d:/program files/programs/program files/sdk_win_64/winavr/bin/../lib/gcc/avr/4.3.3/avr5\libgcc.a(_epilogue.o)
 .text          0x000007fa      0x1aa d:/program files/programs/program files/sdk_win_64/winavr/bin/../lib/gcc/avr/4.3.3/avr5\libgcc.a(_pack_sf.o)
                0x000007fa                __pack_f
 .text          0x000009a4       0xf0 d:/program files/programs/program files/sdk_win_64/winavr/bin/../lib/gcc/avr/4.3.3/avr5\libgcc.a(_unpack_sf.o)
                0x000009a4                __unpack_f
 .text          0x00000a94       0xb2 d:/program files/programs/program files/sdk_win_64/winavr/bin/../lib/gcc/avr/4.3.3/avr5\libgcc.a(_fpcmp_parts_sf.o)
                0x00000a94                __fpcmp_parts_f
                0x00000b46                . = ALIGN (0x2)
 *(.text.*)
 .text.Timer0_Init
                0x00000b46       0x72 ./MCAL/TIMER/Timer_Program.o
                0x00000b46                Timer0_Init
 .text.Timer0_Start
                0x00000bb8      0x170 ./MCAL/TIMER/Timer_Program.o
                0x00000bb8                Timer0_Start
 .text.Timer0_Stop
                0x00000d28       0x38 ./MCAL/TIMER/Timer_Program.o
                0x00000d28                Timer0_Stop
 .text.Timer0_SetPreload
                0x00000d60       0x1c ./MCAL/TIMER/Timer_Program.o
                0x00000d60                Timer0_SetPreload
 .text.__vector_11
                0x00000d7c       0x90 ./MCAL/TIMER/Timer_Program.o
                0x00000d7c                __vector_11
 .text.Timer0_GetPreload
                0x00000e0c       0x14 ./MCAL/TIMER/Timer_Program.o
                0x00000e0c                Timer0_GetPreload
 .text.Timer0_EnableInterrupt
                0x00000e20       0x1c ./MCAL/TIMER/Timer_Program.o
                0x00000e20                Timer0_EnableInterrupt
 .text.Timer0_DisableInterrupt
                0x00000e3c       0x1c ./MCAL/TIMER/Timer_Program.o
                0x00000e3c                Timer0_DisableInterrupt
 .text.Timer0_SetCallBack
                0x00000e58       0x24 ./MCAL/TIMER/Timer_Program.o
                0x00000e58                Timer0_SetCallBack
 .text.Timer2_Init
                0x00000e7c       0x76 ./MCAL/TIMER/Timer_Program.o
                0x00000e7c                Timer2_Init
 .text.Timer2_Start
                0x00000ef2      0x170 ./MCAL/TIMER/Timer_Program.o
                0x00000ef2                Timer2_Start
 .text.Timer2_Stop
                0x00001062       0x38 ./MCAL/TIMER/Timer_Program.o
                0x00001062                Timer2_Stop
 .text.Timer2_SetCompareValue
                0x0000109a       0x1c ./MCAL/TIMER/Timer_Program.o
                0x0000109a                Timer2_SetCompareValue
 .text.Timer2_GetPreload
                0x000010b6       0x14 ./MCAL/TIMER/Timer_Program.o
                0x000010b6                Timer2_GetPreload
 .text.Timer2_EnableInterrupt
                0x000010ca       0x1c ./MCAL/TIMER/Timer_Program.o
                0x000010ca                Timer2_EnableInterrupt
 .text.Timer2_DisableInterrupt
                0x000010e6       0x1c ./MCAL/TIMER/Timer_Program.o
                0x000010e6                Timer2_DisableInterrupt
 .text.Timer2_SetCallBack
                0x00001102       0x24 ./MCAL/TIMER/Timer_Program.o
                0x00001102                Timer2_SetCallBack
 .text.I2C_Init
                0x00001126       0x2c ./MCAL/I2C/I2C.o
                0x00001126                I2C_Init
 .text.I2C_Start
                0x00001152       0x28 ./MCAL/I2C/I2C.o
                0x00001152                I2C_Start
 .text.I2C_Stop
                0x0000117a       0x16 ./MCAL/I2C/I2C.o
                0x0000117a                I2C_Stop
 .text.I2C_Write
                0x00001190       0x36 ./MCAL/I2C/I2C.o
                0x00001190                I2C_Write
 .text.I2C_Read_ACK
                0x000011c6       0x2e ./MCAL/I2C/I2C.o
                0x000011c6                I2C_Read_ACK
 .text.I2C_Read_NO_ACK
                0x000011f4       0x2e ./MCAL/I2C/I2C.o
                0x000011f4                I2C_Read_NO_ACK
 .text.I2C_Status
                0x00001222       0x1e ./MCAL/I2C/I2C.o
                0x00001222                I2C_Status
 .text.GIE_Enable
                0x00001240       0x1c ./MCAL/GIE/GIE_program.o
                0x00001240                GIE_Enable
 .text.GIE_Disable
                0x0000125c       0x1c ./MCAL/GIE/GIE_program.o
                0x0000125c                GIE_Disable
 .text.Ext_Int_Init
                0x00001278       0x8a ./MCAL/EXT_INT/Ext_Int_Program.o
                0x00001278                Ext_Int_Init
 .text.Ext_Int_Enable
                0x00001302       0x6e ./MCAL/EXT_INT/Ext_Int_Program.o
                0x00001302                Ext_Int_Enable
 .text.Ext_Int_Disable
                0x00001370       0x6e ./MCAL/EXT_INT/Ext_Int_Program.o
                0x00001370                Ext_Int_Disable
 .text.Ext_Int_SetCallBack
                0x000013de       0x36 ./MCAL/EXT_INT/Ext_Int_Program.o
                0x000013de                Ext_Int_SetCallBack
 .text.__vector_1
                0x00001414       0x5a ./MCAL/EXT_INT/Ext_Int_Program.o
                0x00001414                __vector_1
 .text.__vector_2
                0x0000146e       0x5a ./MCAL/EXT_INT/Ext_Int_Program.o
                0x0000146e                __vector_2
 .text.__vector_3
                0x000014c8       0x5a ./MCAL/EXT_INT/Ext_Int_Program.o
                0x000014c8                __vector_3
 .text.EEPROM_Init
                0x00001522       0x12 ./MCAL/EEPROM/EEPROM.o
                0x00001522                EEPROM_Init
 .text.EEPROM_WriteByte
                0x00001534       0x82 ./MCAL/EEPROM/EEPROM.o
                0x00001534                EEPROM_WriteByte
 .text.EEPROM_ReadByte
                0x000015b6       0xc0 ./MCAL/EEPROM/EEPROM.o
                0x000015b6                EEPROM_ReadByte
 .text.Dio_SetPinDirection
                0x00001676      0x1f8 ./MCAL/DIO/DIO_Program.o
                0x00001676                Dio_SetPinDirection
 .text.Dio_SetPortDirection
                0x0000186e       0x82 ./MCAL/DIO/DIO_Program.o
                0x0000186e                Dio_SetPortDirection
 .text.Dio_WritePin
                0x000018f0      0x1f8 ./MCAL/DIO/DIO_Program.o
                0x000018f0                Dio_WritePin
 .text.Dio_WritePort
                0x00001ae8       0x82 ./MCAL/DIO/DIO_Program.o
                0x00001ae8                Dio_WritePort
 .text.Dio_ReadPin
                0x00001b6a       0xfe ./MCAL/DIO/DIO_Program.o
                0x00001b6a                Dio_ReadPin
 .text.Dio_ReadPort
                0x00001c68       0x86 ./MCAL/DIO/DIO_Program.o
                0x00001c68                Dio_ReadPort
 .text.Dio_TogglePin
                0x00001cee       0xfa ./MCAL/DIO/DIO_Program.o
                0x00001cee                Dio_TogglePin
 .text.ADC_Init
                0x00001de8       0x56 ./MCAL/ADC/ADC_Program.o
                0x00001de8                ADC_Init
 .text.ADC_Read
                0x00001e3e       0x36 ./MCAL/ADC/ADC_Program.o
                0x00001e3e                ADC_Read
 .text.SevenSeg_Init
                0x00001e74       0x4a ./HAL/SevenSeg/SevenSeg_Program.o
                0x00001e74                SevenSeg_Init
 .text.SevenSeg_EN_1
                0x00001ebe       0x18 ./HAL/SevenSeg/SevenSeg_Program.o
                0x00001ebe                SevenSeg_EN_1
 .text.SevenSeg_EN_2
                0x00001ed6       0x18 ./HAL/SevenSeg/SevenSeg_Program.o
                0x00001ed6                SevenSeg_EN_2
 .text.SevenSeg_Dis_1
                0x00001eee       0x18 ./HAL/SevenSeg/SevenSeg_Program.o
                0x00001eee                SevenSeg_Dis_1
 .text.SevenSeg_Dis_2
                0x00001f06       0x18 ./HAL/SevenSeg/SevenSeg_Program.o
                0x00001f06                SevenSeg_Dis_2
 .text.SevenSeg_Display
                0x00001f1e       0x66 ./HAL/SevenSeg/SevenSeg_Program.o
                0x00001f1e                SevenSeg_Display
 .text.SevenSeg
                0x00001f84      0x24a ./HAL/SevenSeg/SevenSeg_Program.o
                0x00001f84                SevenSeg
 .text.Relay_Init
                0x000021ce       0x36 ./HAL/Relay/Relay_Program.o
                0x000021ce                Relay_Init
 .text.Relay1_switchON
                0x00002204       0x18 ./HAL/Relay/Relay_Program.o
                0x00002204                Relay1_switchON
 .text.Relay1_switchOFF
                0x0000221c       0x18 ./HAL/Relay/Relay_Program.o
                0x0000221c                Relay1_switchOFF
 .text.Relay2_switchON
                0x00002234       0x18 ./HAL/Relay/Relay_Program.o
                0x00002234                Relay2_switchON
 .text.Relay2_switchOFF
                0x0000224c       0x18 ./HAL/Relay/Relay_Program.o
                0x0000224c                Relay2_switchOFF
 .text.Peltier_Init
                0x00002264       0x1e ./HAL/Peltier/Peltier_Program.o
                0x00002264                Peltier_Init
 .text.Peltier_SetMode
                0x00002282       0x40 ./HAL/Peltier/Peltier_Program.o
                0x00002282                Peltier_SetMode
 .text.Led_Init
                0x000022c2       0x62 ./HAL/Led/Led_Program.o
                0x000022c2                Led_Init
 .text.Led_On   0x00002324       0x62 ./HAL/Led/Led_Program.o
                0x00002324                Led_On
 .text.Led_Off  0x00002386       0x62 ./HAL/Led/Led_Program.o
                0x00002386                Led_Off
 .text.Led_Toggle
                0x000023e8       0x5c ./HAL/Led/Led_Program.o
                0x000023e8                Led_Toggle
 .text.Led_Blink
                0x00002444      0x1ea ./HAL/Led/Led_Program.o
                0x00002444                Led_Blink
 .text.Lcd_SendCommand
                0x0000262e      0x240 ./HAL/Lcd/Lcd_Program.o
 .text.Lcd_SendCharacter
                0x0000286e      0x240 ./HAL/Lcd/Lcd_Program.o
 .text.Lcd_Init
                0x00002aae      0x158 ./HAL/Lcd/Lcd_Program.o
                0x00002aae                Lcd_Init
 .text.Lcd_DisplayString
                0x00002c06       0x52 ./HAL/Lcd/Lcd_Program.o
                0x00002c06                Lcd_DisplayString
 .text.Lcd_Clear
                0x00002c58       0x14 ./HAL/Lcd/Lcd_Program.o
                0x00002c58                Lcd_Clear
 .text.LM35_Init
                0x00002c6c        0xe ./HAL/LM35/LM35_Program.o
                0x00002c6c                LM35_Init
 .text.LM35_Read
                0x00002c7a       0x4c ./HAL/LM35/LM35_Program.o
                0x00002c7a                LM35_Read
 .text.Ceramic_Heater_Init
                0x00002cc6       0x1e ./HAL/Ceramic Heater/CeramicHeater_Program.o
                0x00002cc6                Ceramic_Heater_Init
 .text.Ceramic_Heater_SetMode
                0x00002ce4       0x40 ./HAL/Ceramic Heater/CeramicHeater_Program.o
                0x00002ce4                Ceramic_Heater_SetMode
 .text.Button_Init
                0x00002d24       0x62 ./HAL/Button/Button_Program.o
                0x00002d24                Button_Init
 .text.Button_GetState
                0x00002d86      0x38a ./HAL/Button/Button_Program.o
                0x00002d86                Button_GetState
 .text.Heater_Control_Init
                0x00003110       0x6e ./APP/Heater_Control/Heater_Control.o
                0x00003110                Heater_Control_Init
 .text.UP_BUTTON
                0x0000317e      0x14c ./APP/Heater_Control/Heater_Control.o
                0x0000317e                UP_BUTTON
 .text.DOWN_BUTTON
                0x000032ca      0x14c ./APP/Heater_Control/Heater_Control.o
                0x000032ca                DOWN_BUTTON
 .text.Temp_Sensing
                0x00003416       0x12 ./APP/Heater_Control/Heater_Control.o
                0x00003416                Temp_Sensing
 .text.Heating_Cooling_Control
                0x00003428       0x82 ./APP/Heater_Control/Heater_Control.o
                0x00003428                Heating_Cooling_Control
 .text.Read_WaterTemperature
                0x000034aa       0x3e ./APP/Heater_Control/Heater_Control.o
                0x000034aa                Read_WaterTemperature
 .text.main     0x000034e8       0x16 ./main.o
                0x000034e8                main
 .text.libgcc   0x000034fe       0x18 d:/program files/programs/program files/sdk_win_64/winavr/bin/../lib/gcc/avr/4.3.3/avr5\libgcc.a(_udivmodqi4.o)
                0x000034fe                __udivmodqi4
 .text.libgcc   0x00003516        0x0 d:/program files/programs/program files/sdk_win_64/winavr/bin/../lib/gcc/avr/4.3.3/avr5\libgcc.a(_exit.o)
 .text.libgcc   0x00003516        0x0 d:/program files/programs/program files/sdk_win_64/winavr/bin/../lib/gcc/avr/4.3.3/avr5\libgcc.a(_copy_data.o)
 .text.libgcc   0x00003516        0x0 d:/program files/programs/program files/sdk_win_64/winavr/bin/../lib/gcc/avr/4.3.3/avr5\libgcc.a(_clear_bss.o)
 .text.libgcc   0x00003516       0x38 d:/program files/programs/program files/sdk_win_64/winavr/bin/../lib/gcc/avr/4.3.3/avr5\libgcc.a(_prologue.o)
                0x00003516                __prologue_saves__
 .text.libgcc   0x0000354e       0x36 d:/program files/programs/program files/sdk_win_64/winavr/bin/../lib/gcc/avr/4.3.3/avr5\libgcc.a(_epilogue.o)
                0x0000354e                __epilogue_restores__
                0x00003584                . = ALIGN (0x2)
 *(.fini9)
 .fini9         0x00003584        0x0 d:/program files/programs/program files/sdk_win_64/winavr/bin/../lib/gcc/avr/4.3.3/avr5\libgcc.a(_exit.o)
                0x00003584                exit
                0x00003584                _exit
 *(.fini9)
 *(.fini8)
 *(.fini8)
 *(.fini7)
 *(.fini7)
 *(.fini6)
 *(.fini6)
 *(.fini5)
 *(.fini5)
 *(.fini4)
 *(.fini4)
 *(.fini3)
 *(.fini3)
 *(.fini2)
 *(.fini2)
 *(.fini1)
 *(.fini1)
 *(.fini0)
 .fini0         0x00003584        0x4 d:/program files/programs/program files/sdk_win_64/winavr/bin/../lib/gcc/avr/4.3.3/avr5\libgcc.a(_exit.o)
 *(.fini0)
                0x00003588                _etext = .

.data           0x00800060        0xa load address 0x00003588
                0x00800060                PROVIDE (__data_start, .)
 *(.data)
 .data          0x00800060        0x0 d:/program files/programs/program files/sdk_win_64/winavr/bin/../lib/gcc/avr/4.3.3/../../../../avr/lib/avr5/crtm32.o
 .data          0x00800060        0x0 ./MCAL/TIMER/Timer_Program.o
 .data          0x00800060        0x0 ./MCAL/I2C/I2C.o
 .data          0x00800060        0x0 ./MCAL/GIE/GIE_program.o
 .data          0x00800060        0x0 ./MCAL/EXT_INT/Ext_Int_Program.o
 .data          0x00800060        0x0 ./MCAL/EEPROM/EEPROM.o
 .data          0x00800060        0x0 ./MCAL/DIO/DIO_Program.o
 .data          0x00800060        0x0 ./MCAL/ADC/ADC_Program.o
 .data          0x00800060        0x0 ./HAL/SevenSeg/SevenSeg_Program.o
 .data          0x00800060        0x0 ./HAL/Relay/Relay_Program.o
 .data          0x00800060        0x0 ./HAL/Peltier/Peltier_Program.o
 .data          0x00800060        0x0 ./HAL/Led/Led_Program.o
 .data          0x00800060        0x0 ./HAL/Lcd/Lcd_Program.o
 .data          0x00800060        0x0 ./HAL/LM35/LM35_Program.o
 .data          0x00800060        0x0 ./HAL/Ceramic Heater/CeramicHeater_Program.o
 .data          0x00800060        0x0 ./HAL/Button/Button_Program.o
 .data          0x00800060        0x0 ./APP/Heater_Control/Heater_Control.o
 .data          0x00800060        0x0 ./main.o
 .data          0x00800060        0x0 d:/program files/programs/program files/sdk_win_64/winavr/bin/../lib/gcc/avr/4.3.3/avr5\libgcc.a(_udivmodqi4.o)
 .data          0x00800060        0x0 d:/program files/programs/program files/sdk_win_64/winavr/bin/../lib/gcc/avr/4.3.3/avr5\libgcc.a(_exit.o)
 .data          0x00800060        0x0 d:/program files/programs/program files/sdk_win_64/winavr/bin/../lib/gcc/avr/4.3.3/avr5\libgcc.a(_copy_data.o)
 .data          0x00800060        0x0 d:/program files/programs/program files/sdk_win_64/winavr/bin/../lib/gcc/avr/4.3.3/avr5\libgcc.a(_clear_bss.o)
 .data          0x00800060        0x0 d:/program files/programs/program files/sdk_win_64/winavr/bin/../lib/gcc/avr/4.3.3/avr5\libgcc.a(_fixunssfsi.o)
 .data          0x00800060        0x0 d:/program files/programs/program files/sdk_win_64/winavr/bin/../lib/gcc/avr/4.3.3/avr5\libgcc.a(_addsub_sf.o)
 .data          0x00800060        0x0 d:/program files/programs/program files/sdk_win_64/winavr/bin/../lib/gcc/avr/4.3.3/avr5\libgcc.a(_mul_sf.o)
 .data          0x00800060        0x0 d:/program files/programs/program files/sdk_win_64/winavr/bin/../lib/gcc/avr/4.3.3/avr5\libgcc.a(_gt_sf.o)
 .data          0x00800060        0x0 d:/program files/programs/program files/sdk_win_64/winavr/bin/../lib/gcc/avr/4.3.3/avr5\libgcc.a(_ge_sf.o)
 .data          0x00800060        0x0 d:/program files/programs/program files/sdk_win_64/winavr/bin/../lib/gcc/avr/4.3.3/avr5\libgcc.a(_lt_sf.o)
 .data          0x00800060        0x0 d:/program files/programs/program files/sdk_win_64/winavr/bin/../lib/gcc/avr/4.3.3/avr5\libgcc.a(_sf_to_si.o)
 .data          0x00800060        0x8 d:/program files/programs/program files/sdk_win_64/winavr/bin/../lib/gcc/avr/4.3.3/avr5\libgcc.a(_thenan_sf.o)
                0x00800060                __thenan_sf
 .data          0x00800068        0x0 d:/program files/programs/program files/sdk_win_64/winavr/bin/../lib/gcc/avr/4.3.3/avr5\libgcc.a(_prologue.o)
 .data          0x00800068        0x0 d:/program files/programs/program files/sdk_win_64/winavr/bin/../lib/gcc/avr/4.3.3/avr5\libgcc.a(_epilogue.o)
 .data          0x00800068        0x0 d:/program files/programs/program files/sdk_win_64/winavr/bin/../lib/gcc/avr/4.3.3/avr5\libgcc.a(_pack_sf.o)
 .data          0x00800068        0x0 d:/program files/programs/program files/sdk_win_64/winavr/bin/../lib/gcc/avr/4.3.3/avr5\libgcc.a(_unpack_sf.o)
 .data          0x00800068        0x0 d:/program files/programs/program files/sdk_win_64/winavr/bin/../lib/gcc/avr/4.3.3/avr5\libgcc.a(_fpcmp_parts_sf.o)
 *(.data*)
 .data.setTemperature
                0x00800068        0x1 ./APP/Heater_Control/Heater_Control.o
                0x00800068                setTemperature
 *(.rodata)
 *(.rodata*)
 *(.gnu.linkonce.d*)
                0x0080006a                . = ALIGN (0x2)
 *fill*         0x00800069        0x1 00
                0x0080006a                _edata = .
                0x0080006a                PROVIDE (__data_end, .)

.bss            0x0080006a       0x12
                0x0080006a                PROVIDE (__bss_start, .)
 *(.bss)
 .bss           0x0080006a        0x0 d:/program files/programs/program files/sdk_win_64/winavr/bin/../lib/gcc/avr/4.3.3/../../../../avr/lib/avr5/crtm32.o
 .bss           0x0080006a        0x0 ./MCAL/TIMER/Timer_Program.o
 .bss           0x0080006a        0x0 ./MCAL/I2C/I2C.o
 .bss           0x0080006a        0x0 ./MCAL/GIE/GIE_program.o
 .bss           0x0080006a        0x0 ./MCAL/EXT_INT/Ext_Int_Program.o
 .bss           0x0080006a        0x0 ./MCAL/EEPROM/EEPROM.o
 .bss           0x0080006a        0x0 ./MCAL/DIO/DIO_Program.o
 .bss           0x0080006a        0x0 ./MCAL/ADC/ADC_Program.o
 .bss           0x0080006a        0x0 ./HAL/SevenSeg/SevenSeg_Program.o
 .bss           0x0080006a        0x0 ./HAL/Relay/Relay_Program.o
 .bss           0x0080006a        0x0 ./HAL/Peltier/Peltier_Program.o
 .bss           0x0080006a        0x0 ./HAL/Led/Led_Program.o
 .bss           0x0080006a        0x0 ./HAL/Lcd/Lcd_Program.o
 .bss           0x0080006a        0x0 ./HAL/LM35/LM35_Program.o
 .bss           0x0080006a        0x0 ./HAL/Ceramic Heater/CeramicHeater_Program.o
 .bss           0x0080006a        0x0 ./HAL/Button/Button_Program.o
 .bss           0x0080006a        0x0 ./APP/Heater_Control/Heater_Control.o
 .bss           0x0080006a        0x0 ./main.o
 .bss           0x0080006a        0x0 d:/program files/programs/program files/sdk_win_64/winavr/bin/../lib/gcc/avr/4.3.3/avr5\libgcc.a(_udivmodqi4.o)
 .bss           0x0080006a        0x0 d:/program files/programs/program files/sdk_win_64/winavr/bin/../lib/gcc/avr/4.3.3/avr5\libgcc.a(_exit.o)
 .bss           0x0080006a        0x0 d:/program files/programs/program files/sdk_win_64/winavr/bin/../lib/gcc/avr/4.3.3/avr5\libgcc.a(_copy_data.o)
 .bss           0x0080006a        0x0 d:/program files/programs/program files/sdk_win_64/winavr/bin/../lib/gcc/avr/4.3.3/avr5\libgcc.a(_clear_bss.o)
 .bss           0x0080006a        0x0 d:/program files/programs/program files/sdk_win_64/winavr/bin/../lib/gcc/avr/4.3.3/avr5\libgcc.a(_fixunssfsi.o)
 .bss           0x0080006a        0x0 d:/program files/programs/program files/sdk_win_64/winavr/bin/../lib/gcc/avr/4.3.3/avr5\libgcc.a(_addsub_sf.o)
 .bss           0x0080006a        0x0 d:/program files/programs/program files/sdk_win_64/winavr/bin/../lib/gcc/avr/4.3.3/avr5\libgcc.a(_mul_sf.o)
 .bss           0x0080006a        0x0 d:/program files/programs/program files/sdk_win_64/winavr/bin/../lib/gcc/avr/4.3.3/avr5\libgcc.a(_gt_sf.o)
 .bss           0x0080006a        0x0 d:/program files/programs/program files/sdk_win_64/winavr/bin/../lib/gcc/avr/4.3.3/avr5\libgcc.a(_ge_sf.o)
 .bss           0x0080006a        0x0 d:/program files/programs/program files/sdk_win_64/winavr/bin/../lib/gcc/avr/4.3.3/avr5\libgcc.a(_lt_sf.o)
 .bss           0x0080006a        0x0 d:/program files/programs/program files/sdk_win_64/winavr/bin/../lib/gcc/avr/4.3.3/avr5\libgcc.a(_sf_to_si.o)
 .bss           0x0080006a        0x0 d:/program files/programs/program files/sdk_win_64/winavr/bin/../lib/gcc/avr/4.3.3/avr5\libgcc.a(_thenan_sf.o)
 .bss           0x0080006a        0x0 d:/program files/programs/program files/sdk_win_64/winavr/bin/../lib/gcc/avr/4.3.3/avr5\libgcc.a(_prologue.o)
 .bss           0x0080006a        0x0 d:/program files/programs/program files/sdk_win_64/winavr/bin/../lib/gcc/avr/4.3.3/avr5\libgcc.a(_epilogue.o)
 .bss           0x0080006a        0x0 d:/program files/programs/program files/sdk_win_64/winavr/bin/../lib/gcc/avr/4.3.3/avr5\libgcc.a(_pack_sf.o)
 .bss           0x0080006a        0x0 d:/program files/programs/program files/sdk_win_64/winavr/bin/../lib/gcc/avr/4.3.3/avr5\libgcc.a(_unpack_sf.o)
 .bss           0x0080006a        0x0 d:/program files/programs/program files/sdk_win_64/winavr/bin/../lib/gcc/avr/4.3.3/avr5\libgcc.a(_fpcmp_parts_sf.o)
 *(.bss*)
 .bss.Timer0_CallBack_Ptr
                0x0080006a        0x2 ./MCAL/TIMER/Timer_Program.o
 .bss.Timer2_CallBack_Ptr
                0x0080006c        0x2 ./MCAL/TIMER/Timer_Program.o
 .bss.ovfCounter.1418
                0x0080006e        0x2 ./MCAL/TIMER/Timer_Program.o
 .bss.Ext_Int_CallBack
                0x00800070        0x6 ./MCAL/EXT_INT/Ext_Int_Program.o
 .bss.BUTTON_flag
                0x00800076        0x1 ./APP/Heater_Control/Heater_Control.o
 .bss.LM_flag   0x00800077        0x1 ./APP/Heater_Control/Heater_Control.o
 .bss.TempDisplay_Flag
                0x00800078        0x1 ./APP/Heater_Control/Heater_Control.o
 .bss.LED_Blink_Flag
                0x00800079        0x1 ./APP/Heater_Control/Heater_Control.o
 .bss.prevTemp.1544
                0x0080007a        0x1 ./APP/Heater_Control/Heater_Control.o
 .bss.currentTemperature
                0x0080007b        0x1 ./APP/Heater_Control/Heater_Control.o
 *(COMMON)
                0x0080007c                PROVIDE (__bss_end, .)
                0x00003588                __data_load_start = LOADADDR (.data)
                0x00003592                __data_load_end = (__data_load_start + SIZEOF (.data))

.noinit         0x0080007c        0x0
                0x0080007c                PROVIDE (__noinit_start, .)
 *(.noinit*)
                0x0080007c                PROVIDE (__noinit_end, .)
                0x0080007c                _end = .
                0x0080007c                PROVIDE (__heap_start, .)

.eeprom         0x00810000        0x0
 *(.eeprom*)
                0x00810000                __eeprom_end = .

.fuse
 *(.fuse)
 *(.lfuse)
 *(.hfuse)
 *(.efuse)

.lock
 *(.lock*)

.signature
 *(.signature*)

.stab           0x00000000     0x4254
 *(.stab)
 .stab          0x00000000      0x960 ./MCAL/TIMER/Timer_Program.o
 .stab          0x00000960      0x30c ./MCAL/I2C/I2C.o
                                0x3c0 (size before relaxing)
 .stab          0x00000c6c      0x150 ./MCAL/GIE/GIE_program.o
                                0x204 (size before relaxing)
 .stab          0x00000dbc      0x318 ./MCAL/EXT_INT/Ext_Int_Program.o
                                0x3c0 (size before relaxing)
 .stab          0x000010d4      0x360 ./MCAL/EEPROM/EEPROM.o
                                0x414 (size before relaxing)
 .stab          0x00001434      0x564 ./MCAL/DIO/DIO_Program.o
                                0x618 (size before relaxing)
 .stab          0x00001998      0x198 ./MCAL/ADC/ADC_Program.o
                                0x24c (size before relaxing)
 .stab          0x00001b30      0x708 ./HAL/SevenSeg/SevenSeg_Program.o
                                0x7b0 (size before relaxing)
 .stab          0x00002238      0x204 ./HAL/Relay/Relay_Program.o
                                0x318 (size before relaxing)
 .stab          0x0000243c      0x1c8 ./HAL/Peltier/Peltier_Program.o
                                0x2dc (size before relaxing)
 .stab          0x00002604      0x450 ./HAL/Led/Led_Program.o
                                0x6f0 (size before relaxing)
 .stab          0x00002a54      0x708 ./HAL/Lcd/Lcd_Program.o
                                0x9a8 (size before relaxing)
 .stab          0x0000315c      0x1a4 ./HAL/LM35/LM35_Program.o
                                0x444 (size before relaxing)
 .stab          0x00003300      0x1bc ./HAL/Ceramic Heater/CeramicHeater_Program.o
                                0x2dc (size before relaxing)
 .stab          0x000034bc      0x4b0 ./HAL/Button/Button_Program.o
                                0x750 (size before relaxing)
 .stab          0x0000396c      0x744 ./APP/Heater_Control/Heater_Control.o
                                0x9f0 (size before relaxing)
 .stab          0x000040b0      0x1a4 ./main.o
                                0x4e0 (size before relaxing)

.stabstr        0x00000000     0x1d28
 *(.stabstr)
 .stabstr       0x00000000     0x1d28 ./MCAL/TIMER/Timer_Program.o

.stab.excl
 *(.stab.excl)

.stab.exclstr
 *(.stab.exclstr)

.stab.index
 *(.stab.index)

.stab.indexstr
 *(.stab.indexstr)

.comment
 *(.comment)

.debug
 *(.debug)

.line
 *(.line)

.debug_srcinfo
 *(.debug_srcinfo)

.debug_sfnames
 *(.debug_sfnames)

.debug_aranges  0x00000000      0x140
 *(.debug_aranges)
 .debug_aranges
                0x00000000       0x20 d:/program files/programs/program files/sdk_win_64/winavr/bin/../lib/gcc/avr/4.3.3/avr5\libgcc.a(_fixunssfsi.o)
 .debug_aranges
                0x00000020       0x20 d:/program files/programs/program files/sdk_win_64/winavr/bin/../lib/gcc/avr/4.3.3/avr5\libgcc.a(_addsub_sf.o)
 .debug_aranges
                0x00000040       0x20 d:/program files/programs/program files/sdk_win_64/winavr/bin/../lib/gcc/avr/4.3.3/avr5\libgcc.a(_mul_sf.o)
 .debug_aranges
                0x00000060       0x20 d:/program files/programs/program files/sdk_win_64/winavr/bin/../lib/gcc/avr/4.3.3/avr5\libgcc.a(_gt_sf.o)
 .debug_aranges
                0x00000080       0x20 d:/program files/programs/program files/sdk_win_64/winavr/bin/../lib/gcc/avr/4.3.3/avr5\libgcc.a(_ge_sf.o)
 .debug_aranges
                0x000000a0       0x20 d:/program files/programs/program files/sdk_win_64/winavr/bin/../lib/gcc/avr/4.3.3/avr5\libgcc.a(_lt_sf.o)
 .debug_aranges
                0x000000c0       0x20 d:/program files/programs/program files/sdk_win_64/winavr/bin/../lib/gcc/avr/4.3.3/avr5\libgcc.a(_sf_to_si.o)
 .debug_aranges
                0x000000e0       0x20 d:/program files/programs/program files/sdk_win_64/winavr/bin/../lib/gcc/avr/4.3.3/avr5\libgcc.a(_pack_sf.o)
 .debug_aranges
                0x00000100       0x20 d:/program files/programs/program files/sdk_win_64/winavr/bin/../lib/gcc/avr/4.3.3/avr5\libgcc.a(_unpack_sf.o)
 .debug_aranges
                0x00000120       0x20 d:/program files/programs/program files/sdk_win_64/winavr/bin/../lib/gcc/avr/4.3.3/avr5\libgcc.a(_fpcmp_parts_sf.o)

.debug_pubnames
                0x00000000      0x170
 *(.debug_pubnames)
 .debug_pubnames
                0x00000000       0x23 d:/program files/programs/program files/sdk_win_64/winavr/bin/../lib/gcc/avr/4.3.3/avr5\libgcc.a(_fixunssfsi.o)
 .debug_pubnames
                0x00000023       0x2c d:/program files/programs/program files/sdk_win_64/winavr/bin/../lib/gcc/avr/4.3.3/avr5\libgcc.a(_addsub_sf.o)
 .debug_pubnames
                0x0000004f       0x1f d:/program files/programs/program files/sdk_win_64/winavr/bin/../lib/gcc/avr/4.3.3/avr5\libgcc.a(_mul_sf.o)
 .debug_pubnames
                0x0000006e       0x1e d:/program files/programs/program files/sdk_win_64/winavr/bin/../lib/gcc/avr/4.3.3/avr5\libgcc.a(_gt_sf.o)
 .debug_pubnames
                0x0000008c       0x1e d:/program files/programs/program files/sdk_win_64/winavr/bin/../lib/gcc/avr/4.3.3/avr5\libgcc.a(_ge_sf.o)
 .debug_pubnames
                0x000000aa       0x1e d:/program files/programs/program files/sdk_win_64/winavr/bin/../lib/gcc/avr/4.3.3/avr5\libgcc.a(_lt_sf.o)
 .debug_pubnames
                0x000000c8       0x20 d:/program files/programs/program files/sdk_win_64/winavr/bin/../lib/gcc/avr/4.3.3/avr5\libgcc.a(_sf_to_si.o)
 .debug_pubnames
                0x000000e8       0x22 d:/program files/programs/program files/sdk_win_64/winavr/bin/../lib/gcc/avr/4.3.3/avr5\libgcc.a(_thenan_sf.o)
 .debug_pubnames
                0x0000010a       0x1f d:/program files/programs/program files/sdk_win_64/winavr/bin/../lib/gcc/avr/4.3.3/avr5\libgcc.a(_pack_sf.o)
 .debug_pubnames
                0x00000129       0x21 d:/program files/programs/program files/sdk_win_64/winavr/bin/../lib/gcc/avr/4.3.3/avr5\libgcc.a(_unpack_sf.o)
 .debug_pubnames
                0x0000014a       0x26 d:/program files/programs/program files/sdk_win_64/winavr/bin/../lib/gcc/avr/4.3.3/avr5\libgcc.a(_fpcmp_parts_sf.o)

.debug_info     0x00000000     0x1c49
 *(.debug_info)
 .debug_info    0x00000000       0xb1 d:/program files/programs/program files/sdk_win_64/winavr/bin/../lib/gcc/avr/4.3.3/avr5\libgcc.a(_fixunssfsi.o)
 .debug_info    0x000000b1      0x47a d:/program files/programs/program files/sdk_win_64/winavr/bin/../lib/gcc/avr/4.3.3/avr5\libgcc.a(_addsub_sf.o)
 .debug_info    0x0000052b      0x485 d:/program files/programs/program files/sdk_win_64/winavr/bin/../lib/gcc/avr/4.3.3/avr5\libgcc.a(_mul_sf.o)
 .debug_info    0x000009b0      0x27f d:/program files/programs/program files/sdk_win_64/winavr/bin/../lib/gcc/avr/4.3.3/avr5\libgcc.a(_gt_sf.o)
 .debug_info    0x00000c2f      0x27f d:/program files/programs/program files/sdk_win_64/winavr/bin/../lib/gcc/avr/4.3.3/avr5\libgcc.a(_ge_sf.o)
 .debug_info    0x00000eae      0x27f d:/program files/programs/program files/sdk_win_64/winavr/bin/../lib/gcc/avr/4.3.3/avr5\libgcc.a(_lt_sf.o)
 .debug_info    0x0000112d      0x2b0 d:/program files/programs/program files/sdk_win_64/winavr/bin/../lib/gcc/avr/4.3.3/avr5\libgcc.a(_sf_to_si.o)
 .debug_info    0x000013dd      0x12c d:/program files/programs/program files/sdk_win_64/winavr/bin/../lib/gcc/avr/4.3.3/avr5\libgcc.a(_thenan_sf.o)
 .debug_info    0x00001509      0x2df d:/program files/programs/program files/sdk_win_64/winavr/bin/../lib/gcc/avr/4.3.3/avr5\libgcc.a(_pack_sf.o)
 .debug_info    0x000017e8      0x251 d:/program files/programs/program files/sdk_win_64/winavr/bin/../lib/gcc/avr/4.3.3/avr5\libgcc.a(_unpack_sf.o)
 .debug_info    0x00001a39      0x210 d:/program files/programs/program files/sdk_win_64/winavr/bin/../lib/gcc/avr/4.3.3/avr5\libgcc.a(_fpcmp_parts_sf.o)
 *(.gnu.linkonce.wi.*)

.debug_abbrev   0x00000000      0xeeb
 *(.debug_abbrev)
 .debug_abbrev  0x00000000       0x5d d:/program files/programs/program files/sdk_win_64/winavr/bin/../lib/gcc/avr/4.3.3/avr5\libgcc.a(_fixunssfsi.o)
 .debug_abbrev  0x0000005d      0x1ea d:/program files/programs/program files/sdk_win_64/winavr/bin/../lib/gcc/avr/4.3.3/avr5\libgcc.a(_addsub_sf.o)
 .debug_abbrev  0x00000247      0x21b d:/program files/programs/program files/sdk_win_64/winavr/bin/../lib/gcc/avr/4.3.3/avr5\libgcc.a(_mul_sf.o)
 .debug_abbrev  0x00000462      0x15a d:/program files/programs/program files/sdk_win_64/winavr/bin/../lib/gcc/avr/4.3.3/avr5\libgcc.a(_gt_sf.o)
 .debug_abbrev  0x000005bc      0x15a d:/program files/programs/program files/sdk_win_64/winavr/bin/../lib/gcc/avr/4.3.3/avr5\libgcc.a(_ge_sf.o)
 .debug_abbrev  0x00000716      0x15a d:/program files/programs/program files/sdk_win_64/winavr/bin/../lib/gcc/avr/4.3.3/avr5\libgcc.a(_lt_sf.o)
 .debug_abbrev  0x00000870      0x17f d:/program files/programs/program files/sdk_win_64/winavr/bin/../lib/gcc/avr/4.3.3/avr5\libgcc.a(_sf_to_si.o)
 .debug_abbrev  0x000009ef       0xad d:/program files/programs/program files/sdk_win_64/winavr/bin/../lib/gcc/avr/4.3.3/avr5\libgcc.a(_thenan_sf.o)
 .debug_abbrev  0x00000a9c      0x1c0 d:/program files/programs/program files/sdk_win_64/winavr/bin/../lib/gcc/avr/4.3.3/avr5\libgcc.a(_pack_sf.o)
 .debug_abbrev  0x00000c5c      0x154 d:/program files/programs/program files/sdk_win_64/winavr/bin/../lib/gcc/avr/4.3.3/avr5\libgcc.a(_unpack_sf.o)
 .debug_abbrev  0x00000db0      0x13b d:/program files/programs/program files/sdk_win_64/winavr/bin/../lib/gcc/avr/4.3.3/avr5\libgcc.a(_fpcmp_parts_sf.o)

.debug_line     0x00000000      0xdad
 *(.debug_line)
 .debug_line    0x00000000       0xa7 d:/program files/programs/program files/sdk_win_64/winavr/bin/../lib/gcc/avr/4.3.3/avr5\libgcc.a(_fixunssfsi.o)
 .debug_line    0x000000a7      0x2af d:/program files/programs/program files/sdk_win_64/winavr/bin/../lib/gcc/avr/4.3.3/avr5\libgcc.a(_addsub_sf.o)
 .debug_line    0x00000356      0x239 d:/program files/programs/program files/sdk_win_64/winavr/bin/../lib/gcc/avr/4.3.3/avr5\libgcc.a(_mul_sf.o)
 .debug_line    0x0000058f       0xd3 d:/program files/programs/program files/sdk_win_64/winavr/bin/../lib/gcc/avr/4.3.3/avr5\libgcc.a(_gt_sf.o)
 .debug_line    0x00000662       0xd3 d:/program files/programs/program files/sdk_win_64/winavr/bin/../lib/gcc/avr/4.3.3/avr5\libgcc.a(_ge_sf.o)
 .debug_line    0x00000735       0xd3 d:/program files/programs/program files/sdk_win_64/winavr/bin/../lib/gcc/avr/4.3.3/avr5\libgcc.a(_lt_sf.o)
 .debug_line    0x00000808      0x109 d:/program files/programs/program files/sdk_win_64/winavr/bin/../lib/gcc/avr/4.3.3/avr5\libgcc.a(_sf_to_si.o)
 .debug_line    0x00000911       0x90 d:/program files/programs/program files/sdk_win_64/winavr/bin/../lib/gcc/avr/4.3.3/avr5\libgcc.a(_thenan_sf.o)
 .debug_line    0x000009a1      0x18a d:/program files/programs/program files/sdk_win_64/winavr/bin/../lib/gcc/avr/4.3.3/avr5\libgcc.a(_pack_sf.o)
 .debug_line    0x00000b2b      0x14b d:/program files/programs/program files/sdk_win_64/winavr/bin/../lib/gcc/avr/4.3.3/avr5\libgcc.a(_unpack_sf.o)
 .debug_line    0x00000c76      0x137 d:/program files/programs/program files/sdk_win_64/winavr/bin/../lib/gcc/avr/4.3.3/avr5\libgcc.a(_fpcmp_parts_sf.o)

.debug_frame    0x00000000      0x160
 *(.debug_frame)
 .debug_frame   0x00000000       0x20 d:/program files/programs/program files/sdk_win_64/winavr/bin/../lib/gcc/avr/4.3.3/avr5\libgcc.a(_fixunssfsi.o)
 .debug_frame   0x00000020       0x40 d:/program files/programs/program files/sdk_win_64/winavr/bin/../lib/gcc/avr/4.3.3/avr5\libgcc.a(_addsub_sf.o)
 .debug_frame   0x00000060       0x20 d:/program files/programs/program files/sdk_win_64/winavr/bin/../lib/gcc/avr/4.3.3/avr5\libgcc.a(_mul_sf.o)
 .debug_frame   0x00000080       0x20 d:/program files/programs/program files/sdk_win_64/winavr/bin/../lib/gcc/avr/4.3.3/avr5\libgcc.a(_gt_sf.o)
 .debug_frame   0x000000a0       0x20 d:/program files/programs/program files/sdk_win_64/winavr/bin/../lib/gcc/avr/4.3.3/avr5\libgcc.a(_ge_sf.o)
 .debug_frame   0x000000c0       0x20 d:/program files/programs/program files/sdk_win_64/winavr/bin/../lib/gcc/avr/4.3.3/avr5\libgcc.a(_lt_sf.o)
 .debug_frame   0x000000e0       0x20 d:/program files/programs/program files/sdk_win_64/winavr/bin/../lib/gcc/avr/4.3.3/avr5\libgcc.a(_sf_to_si.o)
 .debug_frame   0x00000100       0x20 d:/program files/programs/program files/sdk_win_64/winavr/bin/../lib/gcc/avr/4.3.3/avr5\libgcc.a(_pack_sf.o)
 .debug_frame   0x00000120       0x20 d:/program files/programs/program files/sdk_win_64/winavr/bin/../lib/gcc/avr/4.3.3/avr5\libgcc.a(_unpack_sf.o)
 .debug_frame   0x00000140       0x20 d:/program files/programs/program files/sdk_win_64/winavr/bin/../lib/gcc/avr/4.3.3/avr5\libgcc.a(_fpcmp_parts_sf.o)

.debug_str      0x00000000      0x28d
 *(.debug_str)
 .debug_str     0x00000000       0xbf d:/program files/programs/program files/sdk_win_64/winavr/bin/../lib/gcc/avr/4.3.3/avr5\libgcc.a(_fixunssfsi.o)
                                 0xfe (size before relaxing)
 .debug_str     0x000000bf      0x14d d:/program files/programs/program files/sdk_win_64/winavr/bin/../lib/gcc/avr/4.3.3/avr5\libgcc.a(_addsub_sf.o)
                                0x206 (size before relaxing)
 .debug_str     0x0000020c       0x27 d:/program files/programs/program files/sdk_win_64/winavr/bin/../lib/gcc/avr/4.3.3/avr5\libgcc.a(_mul_sf.o)
                                0x1bf (size before relaxing)
 .debug_str     0x00000233        0xf d:/program files/programs/program files/sdk_win_64/winavr/bin/../lib/gcc/avr/4.3.3/avr5\libgcc.a(_gt_sf.o)
                                0x195 (size before relaxing)
 .debug_str     0x00000242        0x8 d:/program files/programs/program files/sdk_win_64/winavr/bin/../lib/gcc/avr/4.3.3/avr5\libgcc.a(_ge_sf.o)
                                0x195 (size before relaxing)
 .debug_str     0x0000024a        0x8 d:/program files/programs/program files/sdk_win_64/winavr/bin/../lib/gcc/avr/4.3.3/avr5\libgcc.a(_lt_sf.o)
                                0x195 (size before relaxing)
 .debug_str     0x00000252        0xa d:/program files/programs/program files/sdk_win_64/winavr/bin/../lib/gcc/avr/4.3.3/avr5\libgcc.a(_sf_to_si.o)
                                0x19e (size before relaxing)
 .debug_str     0x00000000      0x103 d:/program files/programs/program files/sdk_win_64/winavr/bin/../lib/gcc/avr/4.3.3/avr5\libgcc.a(_thenan_sf.o)
 .debug_str     0x0000025c       0x16 d:/program files/programs/program files/sdk_win_64/winavr/bin/../lib/gcc/avr/4.3.3/avr5\libgcc.a(_pack_sf.o)
                                0x19d (size before relaxing)
 .debug_str     0x00000272        0xb d:/program files/programs/program files/sdk_win_64/winavr/bin/../lib/gcc/avr/4.3.3/avr5\libgcc.a(_unpack_sf.o)
                                0x17f (size before relaxing)
 .debug_str     0x0000027d       0x10 d:/program files/programs/program files/sdk_win_64/winavr/bin/../lib/gcc/avr/4.3.3/avr5\libgcc.a(_fpcmp_parts_sf.o)
                                0x163 (size before relaxing)

.debug_loc      0x00000000      0x7ce
 *(.debug_loc)
 .debug_loc     0x00000000       0x34 d:/program files/programs/program files/sdk_win_64/winavr/bin/../lib/gcc/avr/4.3.3/avr5\libgcc.a(_fixunssfsi.o)
 .debug_loc     0x00000034      0x32a d:/program files/programs/program files/sdk_win_64/winavr/bin/../lib/gcc/avr/4.3.3/avr5\libgcc.a(_addsub_sf.o)
 .debug_loc     0x0000035e      0x104 d:/program files/programs/program files/sdk_win_64/winavr/bin/../lib/gcc/avr/4.3.3/avr5\libgcc.a(_mul_sf.o)
 .debug_loc     0x00000462       0x3c d:/program files/programs/program files/sdk_win_64/winavr/bin/../lib/gcc/avr/4.3.3/avr5\libgcc.a(_gt_sf.o)
 .debug_loc     0x0000049e       0x3c d:/program files/programs/program files/sdk_win_64/winavr/bin/../lib/gcc/avr/4.3.3/avr5\libgcc.a(_ge_sf.o)
 .debug_loc     0x000004da       0x3c d:/program files/programs/program files/sdk_win_64/winavr/bin/../lib/gcc/avr/4.3.3/avr5\libgcc.a(_lt_sf.o)
 .debug_loc     0x00000516       0x7e d:/program files/programs/program files/sdk_win_64/winavr/bin/../lib/gcc/avr/4.3.3/avr5\libgcc.a(_sf_to_si.o)
 .debug_loc     0x00000594      0x13e d:/program files/programs/program files/sdk_win_64/winavr/bin/../lib/gcc/avr/4.3.3/avr5\libgcc.a(_pack_sf.o)
 .debug_loc     0x000006d2       0xac d:/program files/programs/program files/sdk_win_64/winavr/bin/../lib/gcc/avr/4.3.3/avr5\libgcc.a(_unpack_sf.o)
 .debug_loc     0x0000077e       0x50 d:/program files/programs/program files/sdk_win_64/winavr/bin/../lib/gcc/avr/4.3.3/avr5\libgcc.a(_fpcmp_parts_sf.o)

.debug_macinfo
 *(.debug_macinfo)
OUTPUT(LEARN.elf elf32-avr)
LOAD linker stubs

.debug_ranges   0x00000000       0x50
 .debug_ranges  0x00000000       0x50 d:/program files/programs/program files/sdk_win_64/winavr/bin/../lib/gcc/avr/4.3.3/avr5\libgcc.a(_mul_sf.o)
